--test for the combination of possible and repair-key
create table r(a int, b int);
insert into r values (1,2), (1,3);
create table t as repair key(a) in r;
select * from t;
 a | b | _v0 | _d0 | _p0 
---+---+-----+-----+-----
 1 | 2 |   1 |   2 | 0.5
 1 | 3 |   1 |   1 | 0.5
(2 rows)

repair key (a) in (select possible a,b from t);
 a | b | _v0 | _d0 | _p0 
---+---+-----+-----+-----
 1 | 2 |   2 |   3 | 0.5
 1 | 3 |   2 |   4 | 0.5
(2 rows)

drop table r;
drop table t;
